../Core/Src/main.c:124:5:_write	1
../Core/Src/main.c:136:6:update_phase_change	1
../Core/Src/main.c:143:6:update_frequency	1
../Core/Src/main.c:177:6:process_buffer_pwm	3
../Core/Src/main.c:205:6:process_buffer_i2s	3
../Core/Src/main.c:236:6:HAL_I2S_TxCpltCallback	2
../Core/Src/main.c:245:6:HAL_I2S_TxHalfCpltCallback	2
../Core/Src/main.c:260:6:HAL_TIM_PWM_PulseFinishedCallback	2
../Core/Src/main.c:269:6:HAL_TIM_PWM_PulseFinishedHalfCpltCallback	2
../Core/Src/main.c:285:5:main	1
../Core/Src/main.c:363:6:SystemClock_Config	3
../Core/Src/main.c:409:13:MX_ADC1_Init	4
../Core/Src/main.c:470:13:MX_I2S2_Init	2
../Core/Src/main.c:504:13:MX_TIM3_Init	6
../Core/Src/main.c:563:13:MX_TIM9_Init	3
../Core/Src/main.c:599:13:MX_DMA_Init	1
../Core/Src/main.c:624:13:MX_GPIO_Init	1
../Core/Src/main.c:659:6:Error_Handler	1
