../Core/Src/main.c:139:5:_write	24	static
../Core/Src/main.c:151:10:adc_average	24	static
../Core/Src/main.c:163:6:update_phase_change	16	static
../Core/Src/main.c:169:6:update_volume	16	static
../Core/Src/main.c:176:6:update_frequency	16	static
../Core/Src/main.c:189:6:audio_update	8	static
../Core/Src/main.c:217:6:process_buffer_pwm	32	static
../Core/Src/main.c:246:6:process_buffer_i2s	32	static
../Core/Src/main.c:277:6:HAL_I2S_TxCpltCallback	16	static
../Core/Src/main.c:286:6:HAL_I2S_TxHalfCpltCallback	16	static
../Core/Src/main.c:301:6:HAL_TIM_PWM_PulseFinishedCallback	16	static
../Core/Src/main.c:310:6:HAL_TIM_PWM_PulseFinishedHalfCpltCallback	16	static
../Core/Src/main.c:320:6:HAL_ADC_ConvCpltCallback	16	static
../Core/Src/main.c:344:5:main	8	static
../Core/Src/main.c:427:6:SystemClock_Config	88	static
../Core/Src/main.c:473:13:MX_ADC1_Init	24	static
../Core/Src/main.c:534:13:MX_I2S2_Init	8	static
../Core/Src/main.c:568:13:MX_TIM2_Init	32	static
../Core/Src/main.c:613:13:MX_TIM3_Init	64	static
../Core/Src/main.c:670:13:MX_DMA_Init	16	static
../Core/Src/main.c:695:13:MX_GPIO_Init	40	static
../Core/Src/main.c:730:6:Error_Handler	4	static,ignoring_inline_asm
