../Core/Src/main.c:129:5:_write	24	static
../Core/Src/main.c:141:6:update_phase_change	16	static
../Core/Src/main.c:148:6:update_frequency	16	static
../Core/Src/main.c:182:6:process_buffer_pwm	32	static
../Core/Src/main.c:210:6:process_buffer_i2s	32	static
../Core/Src/main.c:241:6:HAL_I2S_TxCpltCallback	16	static
../Core/Src/main.c:250:6:HAL_I2S_TxHalfCpltCallback	16	static
../Core/Src/main.c:265:6:HAL_TIM_PWM_PulseFinishedCallback	16	static
../Core/Src/main.c:274:6:HAL_TIM_PWM_PulseFinishedHalfCpltCallback	16	static
../Core/Src/main.c:284:6:HAL_ADC_ConvCpltCallback	16	static
../Core/Src/main.c:295:5:main	8	static
../Core/Src/main.c:377:6:SystemClock_Config	88	static
../Core/Src/main.c:423:13:MX_ADC1_Init	24	static
../Core/Src/main.c:484:13:MX_I2S2_Init	8	static
../Core/Src/main.c:518:13:MX_TIM2_Init	32	static
../Core/Src/main.c:563:13:MX_TIM3_Init	64	static
../Core/Src/main.c:620:13:MX_DMA_Init	16	static
../Core/Src/main.c:645:13:MX_GPIO_Init	40	static
../Core/Src/main.c:680:6:Error_Handler	4	static,ignoring_inline_asm
