../Core/Src/main.c:124:5:_write	24	static
../Core/Src/main.c:136:6:update_phase_change	16	static
../Core/Src/main.c:143:6:update_frequency	16	static
../Core/Src/main.c:177:6:process_buffer_pwm	32	static
../Core/Src/main.c:205:6:process_buffer_i2s	32	static
../Core/Src/main.c:236:6:HAL_I2S_TxCpltCallback	16	static
../Core/Src/main.c:245:6:HAL_I2S_TxHalfCpltCallback	16	static
../Core/Src/main.c:260:6:HAL_TIM_PWM_PulseFinishedCallback	16	static
../Core/Src/main.c:269:6:HAL_TIM_PWM_PulseFinishedHalfCpltCallback	16	static
../Core/Src/main.c:285:5:main	8	static
../Core/Src/main.c:363:6:SystemClock_Config	88	static
../Core/Src/main.c:409:13:MX_ADC1_Init	24	static
../Core/Src/main.c:470:13:MX_I2S2_Init	8	static
../Core/Src/main.c:504:13:MX_TIM3_Init	64	static
../Core/Src/main.c:563:13:MX_TIM9_Init	24	static
../Core/Src/main.c:599:13:MX_DMA_Init	16	static
../Core/Src/main.c:624:13:MX_GPIO_Init	40	static
../Core/Src/main.c:659:6:Error_Handler	4	static,ignoring_inline_asm
