../Core/Src/main.c:151:5:_write	24	static
../Core/Src/main.c:163:10:adc_average	24	static
../Core/Src/main.c:175:6:update_phase_change	16	static
../Core/Src/main.c:181:6:update_volume	16	static
../Core/Src/main.c:188:6:update_frequency	16	static
../Core/Src/main.c:202:6:audio_update	8	static
../Core/Src/main.c:230:6:process_buffer_pwm	32	static
../Core/Src/main.c:261:6:process_buffer_i2s	32	static
../Core/Src/main.c:292:6:HAL_I2S_TxCpltCallback	16	static
../Core/Src/main.c:301:6:HAL_I2S_TxHalfCpltCallback	16	static
../Core/Src/main.c:316:6:HAL_TIM_PWM_PulseFinishedCallback	16	static
../Core/Src/main.c:325:6:HAL_TIM_PWM_PulseFinishedHalfCpltCallback	16	static
../Core/Src/main.c:335:6:HAL_ADC_ConvCpltCallback	16	static
../Core/Src/main.c:353:6:SysTick_CallBack	4	static
../Core/Src/main.c:359:9:BtnDebounce	16	static
../Core/Src/main.c:373:5:main	8	static
../Core/Src/main.c:465:6:SystemClock_Config	88	static
../Core/Src/main.c:511:13:MX_ADC1_Init	24	static
../Core/Src/main.c:572:13:MX_I2S2_Init	8	static
../Core/Src/main.c:606:13:MX_TIM2_Init	32	static
../Core/Src/main.c:651:13:MX_TIM3_Init	64	static
../Core/Src/main.c:708:13:MX_DMA_Init	16	static
../Core/Src/main.c:733:13:MX_GPIO_Init	40	static
../Core/Src/main.c:774:6:Error_Handler	4	static,ignoring_inline_asm
