../Core/Src/main.c:48:5:_write	32	static
../Core/Src/main.c:162:6:update_phase_change	16	static
../Core/Src/main.c:169:6:update_frequency	16	static
../Core/Src/main.c:203:6:process_buffer_pwm	32	static
../Core/Src/main.c:231:6:process_buffer_i2s	32	static
../Core/Src/main.c:262:6:HAL_I2S_TxCpltCallback	16	static
../Core/Src/main.c:271:6:HAL_I2S_TxHalfCpltCallback	16	static
../Core/Src/main.c:286:6:HAL_TIM_PWM_PulseFinishedCallback	16	static
../Core/Src/main.c:295:6:HAL_TIM_PWM_PulseFinishedHalfCpltCallback	16	static
../Core/Src/main.c:311:5:main	8	static
../Core/Src/main.c:388:6:SystemClock_Config	88	static
../Core/Src/main.c:434:13:MX_ADC1_Init	24	static
../Core/Src/main.c:495:13:MX_I2S2_Init	8	static
../Core/Src/main.c:529:13:MX_TIM3_Init	64	static
../Core/Src/main.c:588:13:MX_TIM9_Init	24	static
../Core/Src/main.c:626:13:MX_USART2_UART_Init	8	static
../Core/Src/main.c:657:13:MX_DMA_Init	16	static
../Core/Src/main.c:682:13:MX_GPIO_Init	40	static
../Core/Src/main.c:717:6:Error_Handler	4	static,ignoring_inline_asm
